// Jest Snapshot v1, https://goo.gl/fbAQLP

exports[`ArticleList tests renders correctly 1`] = `
<div>
  <div>
    <div
      class="container"
    >
      <div
        class="container"
      >
        <div>
          <img
            alt="Airline etiquette: Tips from an expert "
            class="image"
            src="https://cdn.cnn.com/cnnnext/dam/assets/181122102925-statue-of-liberty-crown-super-169.jpg"
          />
        </div>
        <div
          class="title"
        >
          Airline etiquette: Tips from an expert 
        </div>
        <button
          class="button"
        >
          Show more
        </button>
      </div>
      <div
        class="container"
      >
        <div>
          <img
            alt="The 32 most beautiful places to visit in Ireland"
            class="image"
            src="https://cdn.cnn.com/cnnnext/dam/assets/181122102925-statue-of-liberty-crown-super-169.jpg"
          />
        </div>
        <div
          class="title"
        >
          The 32 most beautiful places to visit in Ireland
        </div>
        <button
          class="button"
        >
          Show more
        </button>
      </div>
    </div>
  </div>
</div>
`;
